
> draftly@0.1.0 build C:\Users\Maaz\Documents\GitHub\draftly
> next build

Ôû▓ Next.js 16.1.4 (Turbopack)

  Creating an optimized production build ...
Ô£ô Compiled successfully in 2.9s
  Running TypeScript ...
  Collecting page data using 7 workers ...
  Generating static pages using 7 workers (0/4) ...
  Generating static pages using 7 workers (1/4) 
  Generating static pages using 7 workers (2/4) 
  Generating static pages using 7 workers (3/4) 
Ô£ô Generating static pages using 7 workers (4/4) in 581.0ms
  Finalizing page optimization ...

Route (app)
Ôöî Ôùï /
Ôöö Ôùï /_not-found


Ôùï  (Static)  prerendered as static content

